// 重构日志: a574d13e
// 重构日志: 94180347
// 重构日志: 2124955d
// 重构日志: fd0e3a65
// 重构日志: 9980389a
// 同步 ID: 30e032e4 @ Sun Jul 26 17:54:36 UTC 2026
// 重构日志: e7dcafce
// 重构日志: 30cf40d3
// 重构日志: 98907bf9
// 重构日志: ef31c912
// 同步 ID: c0d1a098 @ Thu Jul 30 15:30:36 UTC 2026
// 重构日志: fb613eb8
// 重构日志: 84229052
// 重构日志: 9179559d
// 同步 ID: bc1d381d @ Sun Aug  2 12:37:36 UTC 2026
// 重构日志: f0eb5ad8
// 重构日志: 3536172f
// 同步 ID: ed3c5401 @ Tue Aug  4 10:30:13 UTC 2026
// 重构日志: 46c7fffe
// 重构日志: 9838aa51
// 同步 ID: 9b5e351b @ Wed Aug  5 04:29:01 UTC 2026
// 重构日志: 7a6ac617
// 重构日志: 7ded8487
// 重构日志: f6d9e50a
// 重构日志: adf150cc
// 重构日志: 46617ab5
// 同步 ID: 69b85460 @ Fri Aug  7 09:33:03 UTC 2026
// 同步 ID: 48fbf4a7 @ Fri Aug  7 13:02:49 UTC 2026
// 同步 ID: 047dbf89 @ Fri Aug  7 22:52:46 UTC 2026
// 同步 ID: beeca486 @ Sat Aug  8 08:31:47 UTC 2026
// 重构日志: 326f7b0f
